+ set -euo pipefail
+ require_root
+ [[ 0 -ne 0 ]]
+ phase 'PHASE 1 - Package Validation & Version Checks'
+ echo

+ echo ================================================
================================================
+ echo 'PHASE 1 - Package Validation & Version Checks'
PHASE 1 - Package Validation & Version Checks
+ echo ================================================
================================================
+ apt-get update -y
Hit:1 http://archive.ubuntu.com/ubuntu resolute InRelease
Hit:2 http://archive.ubuntu.com/ubuntu resolute-updates InRelease
Hit:3 http://archive.ubuntu.com/ubuntu resolute-backports InRelease
Hit:4 http://security.ubuntu.com/ubuntu resolute-security InRelease
Reading package lists...
+ for pkg in curl ufw acl logrotate nginx
+ dpkg -s curl
+ info 'Already installed: curl'
+ echo 'INFO: Already installed: curl'
INFO: Already installed: curl
+ for pkg in curl ufw acl logrotate nginx
+ dpkg -s ufw
+ info 'Already installed: ufw'
+ echo 'INFO: Already installed: ufw'
INFO: Already installed: ufw
+ for pkg in curl ufw acl logrotate nginx
+ dpkg -s acl
+ info 'Already installed: acl'
+ echo 'INFO: Already installed: acl'
INFO: Already installed: acl
+ for pkg in curl ufw acl logrotate nginx
+ dpkg -s logrotate
+ info 'Already installed: logrotate'
+ echo 'INFO: Already installed: logrotate'
INFO: Already installed: logrotate
+ for pkg in curl ufw acl logrotate nginx
+ dpkg -s nginx
+ info 'Already installed: nginx'
+ echo 'INFO: Already installed: nginx'
INFO: Already installed: nginx
+ apt-mark showhold
+ grep -qx curl
+ info 'Dirty state detected: curl package hold exists'
+ echo 'INFO: Dirty state detected: curl package hold exists'
INFO: Dirty state detected: curl package hold exists
+ phase 'PHASE 2 - Users and Groups'
+ echo

+ echo ================================================
================================================
+ echo 'PHASE 2 - Users and Groups'
PHASE 2 - Users and Groups
+ echo ================================================
================================================
+ getent group kijanikiosk
+ info 'Already exists: group kijanikiosk'
+ echo 'INFO: Already exists: group kijanikiosk'
INFO: Already exists: group kijanikiosk
+ create_service_user kk-api
+ local user=kk-api
+ id kk-api
+ info 'Already exists: kk-api'
+ echo 'INFO: Already exists: kk-api'
INFO: Already exists: kk-api
+ usermod -aG kijanikiosk kk-api
+ create_service_user kk-payments
+ local user=kk-payments
+ id kk-payments
+ info 'Already exists: kk-payments'
+ echo 'INFO: Already exists: kk-payments'
INFO: Already exists: kk-payments
+ usermod -aG kijanikiosk kk-payments
+ create_service_user kk-logs
+ local user=kk-logs
+ id kk-logs
+ info 'Already exists: kk-logs'
+ echo 'INFO: Already exists: kk-logs'
INFO: Already exists: kk-logs
+ usermod -aG kijanikiosk kk-logs
+ phase 'PHASE 3 - Directories, Permissions & ACLs'
+ echo

+ echo ================================================
================================================
+ echo 'PHASE 3 - Directories, Permissions & ACLs'
PHASE 3 - Directories, Permissions & ACLs
+ echo ================================================
================================================
+ mkdir -p /opt/kijanikiosk/config
+ mkdir -p /opt/kijanikiosk/shared/logs
+ mkdir -p /opt/kijanikiosk/health
+ chown root:kijanikiosk /opt/kijanikiosk
+ chmod 755 /opt/kijanikiosk
+ chown root:kijanikiosk /opt/kijanikiosk/config
+ chmod 750 /opt/kijanikiosk/config
+ chown root:kijanikiosk /opt/kijanikiosk/shared
+ chmod 755 /opt/kijanikiosk/shared
+ chown root:kijanikiosk /opt/kijanikiosk/shared/logs
+ chmod 2770 /opt/kijanikiosk/shared/logs
+ chown kk-logs:kijanikiosk /opt/kijanikiosk/health
+ chmod 750 /opt/kijanikiosk/health
+ setfacl -m u:kk-api:rwx /opt/kijanikiosk/shared/logs
+ setfacl -m u:kk-payments:rx /opt/kijanikiosk/shared/logs
+ setfacl -m u:kk-logs:rwx /opt/kijanikiosk/shared/logs
+ setfacl -d -m u:kk-api:rwx /opt/kijanikiosk/shared/logs
+ setfacl -d -m u:kk-payments:rx /opt/kijanikiosk/shared/logs
+ setfacl -d -m u:kk-logs:rwx /opt/kijanikiosk/shared/logs
+ setfacl -d -m g:kijanikiosk:rwx /opt/kijanikiosk/shared/logs
+ info 'Corrected config permissions and restored log ACLs'
+ echo 'INFO: Corrected config permissions and restored log ACLs'
INFO: Corrected config permissions and restored log ACLs
+ phase 'PHASE 4 - Systemd Service Deployment'
+ echo

+ echo ================================================
================================================
+ echo 'PHASE 4 - Systemd Service Deployment'
PHASE 4 - Systemd Service Deployment
+ echo ================================================
================================================
+ cat
+ cat
+ cat
+ chown root:kk-api /opt/kijanikiosk/config/api.env
+ chmod 640 /opt/kijanikiosk/config/api.env
+ chown root:kk-payments /opt/kijanikiosk/config/payments-api.env
+ chmod 640 /opt/kijanikiosk/config/payments-api.env
+ chown root:kk-logs /opt/kijanikiosk/config/logs.env
+ chmod 640 /opt/kijanikiosk/config/logs.env
+ sudo -u kk-api cat /opt/kijanikiosk/config/api.env
+ sudo -u kk-payments cat /opt/kijanikiosk/config/payments-api.env
+ sudo -u kk-logs cat /opt/kijanikiosk/config/logs.env
+ cat
+ cat
+ cat
+ systemctl daemon-reload
+ systemctl enable kk-api.service kk-payments.service kk-logs.service
Created symlink '/etc/systemd/system/multi-user.target.wants/kk-api.service' → '/etc/systemd/system/kk-api.service'.
Created symlink '/etc/systemd/system/multi-user.target.wants/kk-payments.service' → '/etc/systemd/system/kk-payments.service'.
Created symlink '/etc/systemd/system/multi-user.target.wants/kk-logs.service' → '/etc/systemd/system/kk-logs.service'.
+ systemctl restart kk-api.service kk-payments.service kk-logs.service
+ info 'Created and started all three systemd units'
+ echo 'INFO: Created and started all three systemd units'
INFO: Created and started all three systemd units
+ phase 'PHASE 5 - Firewall Configuration'
+ echo

+ echo ================================================
================================================
+ echo 'PHASE 5 - Firewall Configuration'
PHASE 5 - Firewall Configuration
+ echo ================================================
================================================
+ ufw --force reset
Backing up 'user.rules' to '/etc/ufw/user.rules.20260621_172305'
Backing up 'before.rules' to '/etc/ufw/before.rules.20260621_172305'
Backing up 'after.rules' to '/etc/ufw/after.rules.20260621_172305'
Backing up 'user6.rules' to '/etc/ufw/user6.rules.20260621_172305'
Backing up 'before6.rules' to '/etc/ufw/before6.rules.20260621_172305'
Backing up 'after6.rules' to '/etc/ufw/after6.rules.20260621_172305'

+ ufw default deny incoming
Default incoming policy changed to 'deny'
(be sure to update your rules accordingly)
+ ufw default allow outgoing
Default outgoing policy changed to 'allow'
(be sure to update your rules accordingly)
+ ufw allow 22/tcp comment 'SSH administration'
Rules updated
Rules updated (v6)
+ ufw allow 80/tcp comment 'HTTP web traffic'
Rules updated
Rules updated (v6)
+ ufw allow from 10.0.1.0/24 to any port 3001 proto tcp comment 'Monitoring health checks'
Rules updated
+ ufw allow in on lo to any port 3001 proto tcp comment 'Local reverse proxy access'
Rules updated
Rules updated (v6)
+ ufw deny 3001/tcp comment 'Block external payments port'
Rules updated
Rules updated (v6)
+ ufw --force enable
Firewall is active and enabled on system startup
+ phase 'PHASE 6 - Environment Files & Access Model'
+ echo

+ echo ================================================
================================================
+ echo 'PHASE 6 - Environment Files & Access Model'
PHASE 6 - Environment Files & Access Model
+ echo ================================================
================================================
+ sudo -u kk-api cat /opt/kijanikiosk/config/api.env
+ sudo -u kk-payments cat /opt/kijanikiosk/config/payments-api.env
+ sudo -u kk-logs cat /opt/kijanikiosk/config/logs.env
+ pass 'Environment files readable by correct service accounts'
+ echo 'PASS: Environment files readable by correct service accounts'
PASS: Environment files readable by correct service accounts
+ phase 'PHASE 7 - Journal Persistence & Log Rotation'
+ echo

+ echo ================================================
================================================
+ echo 'PHASE 7 - Journal Persistence & Log Rotation'
PHASE 7 - Journal Persistence & Log Rotation
+ echo ================================================
================================================
+ mkdir -p /var/log/journal
+ mkdir -p /etc/systemd/journald.conf.d
+ cat
+ systemctl restart systemd-journald
+ touch /opt/kijanikiosk/shared/logs/api.log
+ touch /opt/kijanikiosk/shared/logs/payments.log
+ touch /opt/kijanikiosk/shared/logs/logs.log
+ chown kk-api:kijanikiosk /opt/kijanikiosk/shared/logs/api.log
+ chown kk-api:kijanikiosk /opt/kijanikiosk/shared/logs/payments.log
+ chown kk-logs:kijanikiosk /opt/kijanikiosk/shared/logs/logs.log
+ chmod 660 /opt/kijanikiosk/shared/logs/api.log /opt/kijanikiosk/shared/logs/logs.log /opt/kijanikiosk/shared/logs/payments.log
+ cat
+ logrotate --force --debug /etc/logrotate.d/kijanikiosk
warning: logrotate in debug mode does nothing except printing debug messages!  Consider using verbose mode (-v) instead if this is not what you want.

reading config file /etc/logrotate.d/kijanikiosk
Reading state from file: /var/lib/logrotate/status
state file /var/lib/logrotate/status does not exist
Allocating hash table for state file, size 64 entries

Handling 1 logs

rotating pattern: /opt/kijanikiosk/shared/logs/*.log forced from command line empty log files are not rotated, (14 rotations), old logs are removed
considering log /opt/kijanikiosk/shared/logs/api.log
error: skipping "/opt/kijanikiosk/shared/logs/api.log" because parent directory has insecure permissions (It's world writable or writable by group which is not "root") Set "su" directive in config file to tell logrotate which user/group should be used for rotation.
Creating new state
considering log /opt/kijanikiosk/shared/logs/logs.log
error: skipping "/opt/kijanikiosk/shared/logs/logs.log" because parent directory has insecure permissions (It's world writable or writable by group which is not "root") Set "su" directive in config file to tell logrotate which user/group should be used for rotation.
Creating new state
considering log /opt/kijanikiosk/shared/logs/payments.log
error: skipping "/opt/kijanikiosk/shared/logs/payments.log" because parent directory has insecure permissions (It's world writable or writable by group which is not "root") Set "su" directive in config file to tell logrotate which user/group should be used for rotation.
Creating new state
